APP_LOG_ACTOR_GROUP_ID_IDX
APP_VIEW_ATTRIBUTES_ELE_ID_IDX
APP_VIEW_ELEMENTS_VIEW_ID_IDX
BU_SANC_CONF_BUSINESS_IDX
BU_SANC_CONF_SANCTION_IDX
CONSTR_INITIAL_ADDRESS_KEY
CTY_PAIR_HIST_MES_PAIR_ID_IDX
CTY_PAI_MES_PAIR_ID_IDX
CTY_REAPP_TMP_CHK_STATUS_IX
CTY_STRIPPING_CHECKSUM_UN
ENUM_PATCH_STATUS_PK
ENUM_PATCH_STATUS_UK
ENUM_STATUS_NORMALIZATION_PK
ENUM_STATUS_NORMALIZATION_UK
EXCEPTION_LIST_BU_ID_IDX
FACT_DEC
FACT_OPER
FBAT_USR
FBU_BATCH_UNIT
FCOCL_UNT
FFILES_ID
FFILES_NAME
FHACT_DECTY
FHACT_OPER
FHACT_SYSID
FHFILES_ID
FHFILES_NAME
FHHIT_DESIGN
FHHIT_ORIGIN
FHHIT_SYSID
FHINT_SYSID_PK
FHIT_DESIGN
FHIT_ORIGIN
FHIT_SYSID
FHMSG_CODAT
FHMSG_CRDAT
FHMSG_CURR
FHMSG_DECTY
FHMSG_ENT_DECTY
FHMSG_FIDAT
FHMSG_LAST_OPE
FHMSG_RECEIVER
FHMSG_SENDER
FHMSG_SYSID_PK
FHMSG_TYPE
FHMSG_UNIT
FIN_DAILY_RECONCILIATION_IDX
FIN_DAILY_RECONCILIATION_PK
FIN_MESSAGE_CAT_SET_IDX
FIN_MESSAGE_STA_EXP_IDX
FIN_STATUS_MESSAGE_IDX
FIRCO_APP_LOG_PK
FIRCO_APP_VIEWS_PK
FIRCO_APP_VIEW_ATTRIBUTES_PK
FIRCO_APP_VIEW_ELEMENTS_PK
FIRCO_CTY_BUSINESS_UNITS_PK
FIRCO_CTY_BU_UN_NAME_UN
FIRCO_CTY_LIST_BU_IDX
FIRCO_CTY_LIST_PK
FIRCO_CTY_LIST_RECORD_PK
FIRCO_CTY_LIST_RECORD_UN
FIRCO_CTY_LIST_REC_LIST_IDX
FIRCO_CTY_PAIRING_MESSAGE_PK
FIRCO_CTY_PAIRING_PK
FIRCO_CTY_PAIRING_RULE_PK
FIRCO_CTY_PAIR_HIST_MES_PK
FIRCO_CTY_PRF_VIEWS_PRF_IDX
FIRCO_CTY_PRF_VIEWS_VIEW_IDX
FIRCO_CTY_PROFILE_VIEWS_PK
FIRCO_CTY_REAPP_CHK_STATUS_PK
FIRCO_CTY_REAPP_CLONE_PK
FIRCO_CTY_REAPP_EVENT_PK
FIRCO_CTY_REAPP_RULE_BU_IDX
FIRCO_CTY_REAPP_RULE_PK
FIRCO_CTY_REAPP_TEMPL_BU_IDX
FIRCO_CTY_REAPP_TEMPL_PK
FIRCO_CTY_REAPP_TMP_CHK_PK
FIRCO_CTY_REAPP_TMP_CHK_UN
FIRCO_CTY_REPFILE_TEMPL_VER_UN
FIRCO_CTY_REPORT_JOB_PK
FIRCO_CTY_REPORT_JOB_UNIT_PK
FIRCO_CTY_REPORT_PK
FIRCO_CTY_REPORT_TEMPLATE_PK
FIRCO_CTY_REPORT_UNIT_IDX
FIRCO_CTY_REPORT_UNIT_PK
FIRCO_CTY_REP_TEMPLATE_FILE_PK
FIRCO_CTY_SANCTION_LISTS_PK
FIRCO_CTY_SCHEDULED_EXEC_PK
FIRCO_CTY_SCHED_EXEC_BUS_IDX
FIRCO_CTY_SCHED_EXEC_JOB_IDX
FIRCO_CTY_SCREENING_REQUEST_PK
FIRCO_CTY_STRIPPING_CHECK_PK
FIRCO_CTY_STRIPPING_CONTEXT_PK
FIRCO_CTY_STRIPPING_EVENT_PK
FIRCO_CTY_STRIPPING_RULE_PK
FIRCO_CTY_STRIP_RULE_BU_IDX
FIRCO_CTY_TEMP_FILE_PK
FIRCO_CTY_UNIT_VIEWS_PK
FIRCO_CTY_UNI_VIEWS_UNI_IDX
FIRCO_CTY_UNI_VIEWS_VIEW_IDX
FIRCO_FIN_EXCEPTION_LIST_PK
FIRCO_FIN_MESSAGE_BUSINESS_IDX
FIRCO_FIN_MESSAGE_CATEGORY_PK
FIRCO_FIN_MESSAGE_CAT_SET_PK
FIRCO_FIN_MESSAGE_PK
FIRCO_FIN_MESSAGE_SRV_MIR_UN
FIRCO_FIN_MESSAGE_TYPE_BU_PK
FIRCO_FIN_MESSAGE_TYPE_PK
FIRCO_WKF_APPLICATIONS_PK
FIRCO_WKF_APPLICATION_MENUS_PK
FIRCO_WKF_DATA_NODES_PK
FIRCO_WKF_DB_VERSIONS_PK
FIRCO_WKF_GROUPS_PK
FIRCO_WKF_PAGE_NODES_PK
FIRCO_WKF_PROCESS_GRAPHS_PK
FIRCO_WKF_RESOURCES_PK
FIRCO_WKF_SCRIPTS_PK
FIRCO_WKF_SCRIPT_TYPES_PK
FIRCO_WKF_SQL_MAPS_PK
FIRCO_WKF_TYPES_PK
FIRCO_WKF_WEB_RESOURCES_PK
FKPK_CODTYP
FKPK_DECSIG
FKPK_FFINTERVENTION
FKPK_FMFCOMMCLASS
FKPK_FMFMAILTEMPL
FKPK_FMFPROFDEC
FKPK_FMFPROFRIGHT
FKPK_FMFPROFSTATE
FKPK_FMFSYSTEM
FKPK_FMFUNITS
FKPK_FMFUSERPREF
FKPK_FMFUSERPROF
FKPK_FMFUSERSESS
FKPK_FMFUSERUNIT
FKPK_FOFABATCH
FKPK_FOFREPORTS
FKPK_GATEWAYS
FKPK_GTW_ACTION
FKPK_SRCHNMS
FLOGF_USR
FMFANS_RELREF
FMFANS_STATUSID
FMFINV_STARTD
FMFINV_STATUSID
FMFINV_STOPD
FMFQUY_REFERENCE
FMFQUY_STATUSID
FMF_ANSWER_PK
FMF_ANS_T_QUERY_ID_UN
FMF_INVEST_PK
FMF_INVEST_T_SYSTEM_ID_UN
FMF_LICENSE_T_PROJECT_CODE_UN
FMF_PROFILES_BU_IDX
FMF_QUERY_PK
FMF_UNITS_BU_IDX
FMF_USERS_BU_IDX
FML_CONDITIONS_INDEX_IX
FML_CONDITIONS_ITEM_ID
FML_CONDITIONS_ITEM_INDEX_UK
FML_CONDITIONS_OPERAND_ID
FML_CONDITIONS_OPERATOR_ID
FML_GRAPH_ITEM_ID
FML_ITEMS_ACTION_ID
FML_ITEMS_HOOK_ID
FML_ITEMS_TYPE_ID
FML_OPERANDS_GROUP_ID
FML_OPERANDS_PARAM_GRPID
FML_PARAMETER_GROUP_ID
FML_PARAMETER_ID
FMMBICCODEKEY
FMMBICPATCHORIID
FMM_ALT_ADDR_ID_PK
FMM_BIC_CODE_PAT_HIT_PAT_ID_IX
FMM_BIC_CODE_PK
FMM_BI_CO_PA_SYN_NA_PA_ID_IX
FMM_COUNTRY_RESI_ID_IDX
FMM_DOD_ID_IDX
FMM_ITEM_LOCK_PK
FMM_KEYWORD_KEYWORD_TYPE_ID_IX
FMM_LI_HIT_BIC_CO_BIC_CO_ID_IX
FMM_ORIGIN_LOCK_PK
FMM_PATCH_LIST_ID_IX
FMM_RECORD_CAT_CATID_IDX
FMM_RECORD_CAT_ID_IDX
FMM_RECORD_CHECKSUM_ALT_ID
FMM_RECORD_CHECKSUM_ID
FMM_RECORD_COU_COUNTRY_ID_IX
FMM_RECORD_KEY_INFO_ADD_ID_IC
FMM_RECORD_KEY_PK
FMM_RECORD_KW_ID_IDX
FMM_RECORD_KW_KWID_IDX
FMM_RECORD_NATIO_ID_IDX
FMM_RECORD_NATIO_NATID_IDX
FMM_RECORD_OCCU_ID_IDX
FMM_RECORD_OCCU_OCCUID_IDX
FMM_REC_CKSUM_ID_ALT_ID
FMM_RELATED_IDS_ID_IDX
FMM_RELATED_IDS_ID_RELID_IDX
FMM_SYSTEM_DATA_PK
FMM_SYSTEM_DATA_TYPE_PK
FMSG_ENT_STAT
FMSG_STAT
FOFA_HIST_MESSAGE_BU_IDX
FOFA_MESSAGE_BU_IDX
FOFA_MESSAGE_HOLDER_GATE_IDX
FOFA_MESSAGE_STATE_DATE_IDX
FOFUTI_DESIGNATION_PK
FOFUTI_EXP_PK
FOFUTI_MAIN_CITY
FOFUTI_MAIN_CITYID
FOFUTI_MAIN_COUNTRY
FOFUTI_MAIN_CTRID
FOFUTI_MAIN_LOAD_VIEW_IC
FOFUTI_MAIN_NAMESYNID
FOFUTI_MAIN_ORI_DES_IC
FOFUTI_MAIN_PK
FOFUTI_MAIN_STATE
FOFUTI_MAIN_STATEID
FOFUTI_MAIN_USER2_ID_IC
FOFUTI_OFFICIALREF_PK
FOFUTI_PATCH_MAINREC_PK
FOFUTI_PATCH_NAMESYN_PK
FOFUTI_SCIT_CITY
FOFUTI_SCIT_CITY_SYN
FOFUTI_SCIT_CTRY_SYN
FOFUTI_SCIT_STATE_SYN
FOFUTI_SCTR_COUNTRY
FOFUTI_SNAM_NAMESYNID_COUNT_IC
FOFUTI_SNAM_NAME_SYN
FOFUTI_SSTATE_STATE
FOFUTI_UPDH_PK
FOFUTI_USERDEFINED_PK
FOF_BACK_ACTION_PK
FOF_BCKACT_SYSID
FOF_FILES_PK
FOF_HIST_FILES_PK
FOF_HIST_HIT_LIST_ID_IDX
FOF_HIT_COLOR_PK
FOF_HIT_COL_TYPE_ORIG_UN
FOF_PARAMETERS_T_IS_UNICODE_UN
FOF_STATES_BU_IDX
FOF_STATES_PK
FOF_TRANSITIONS_BU_IDX
FOF_TRANSITIONS_PK
FPRFDEC_PRF
FPRFR_PRF
FPRFSTAT_PRF
FPRF_PRF
FPWDH_USR
FUM_LOG_LINKTO_RECORDKEY_IC
FUM_LOG_UPDATEDATE_000IS
FUM_PLATFORM_SAM_ID_IX
FUM_PLATFORM_SAM_PK
FUM_PLATFORM_SAM_UN
FUM_RIGHTS_SAM_ID_IX
FUM_RIGHTS_SAM_PK
FUM_RIGHTS_SAM_UN
FUM_RIGHT_USER_SAM_PK
FUM_USER_ID_IX
FUNT_UNTN
FUSRPRF_USR
FUSRSES_LKMOD
FUSRSES_USRID
FUSRSES_USRLK
FUSRSES_USRSES
FUSRU_USR
FUSR_LOGIN
HIST_MESSAGE_T_AMOUNT_IDX
HIST_MESSAGE_T_MESSAGE_ID_IDX
HIST_MESSAGE_T_TRANSACTION_IDX
IDXCOLOP_COLID
IDXCOL_1
IDXCOL_2
IDXCOL_3
IDXUVIEW_PROFILEID
IDXUVIEW_USERID
IDXVCOL_CORDER
IDXVCOL_SORDER
IDXVFIL_VIEWID
IDXVLINK_VCHLD
IX_LAST_DEC_OPERATOR
IX_SEARCH_CODE
JOB_EXEC_CTX_PK
JOB_EXEC_PK
JOB_INST_PK
JOB_INST_UN
MESSAGE_TYPE_BU_BU_IDX
MESSAGE_TYPE_BU_ID_IDX
MESSAGE_TYPE_CAT_IDX
MESSAGE_T_MESSAGE_ID_IDX
NTL_MAIN_ISO_PK
OBSOLETE_SESSIONS_PK
ORIGINAL_MESSAG_PK
PATCH_STATUS_ID_IX
PKCOL_ID
PKFMESS_ID
PKMOD_ID
PKPROF_ID
PKRIGH_ID
PKUSER_ID
PKVIEW_ID
PK_CATEGORY
PK_COUNTRY
PK_DISABLED_DATE
PK_FIRCO_WKF_EVENTS
PK_FMM_BIC_CODE_PATCH
PK_FMM_BIC_CODE_PATCH_HIT
PK_FMM_LINK_HIT_BIC_CODE
PK_KEYWORDS
PK_KEYWORDS_TYPE
PK_NATIONALITY
PK_OCCUPATION
PK_PROTR
PK_RECORD_CATEGORIES
PK_RECORD_COUNTRY
PK_RECORD_KEYWORDS
PK_RECORD_NATIONALITIES
PK_RECORD_OCCUPATIONS
PK_RULE_PATCH
POB_MAIN_ISO_PK
Q_DESCRIPTOR_PK
REAPPCLONESYSID_UN
REAPPLY_CTX_IND
REAPPLY_CTX_PK
REAPP_CLONE_RULE_IDX
REAPP_CLONE_TEMPLATE_IDX
REAPP_EVENT_CLONE_IDX
REAPP_EVENT_TEMPLATE_IDX
REAPP_OLD_TMP_CHK_TMP_CHK_IX
REAPP_TEMPL_CHECKSUM_BU_UN
REAPP_TEMPL_MIG_STATUS_IDX
REAPP_TEMPL_RULE_IDX
REAPP_TEMPL_TEMP_CHK_PK
REAPP_TEMPL_TEMP_CHK_UN
REF_ANSWER_STATUS_PK
REF_APP_CODE_BU_ID_IDX
REF_APP_CODE_NAME_UN
REF_APP_CODE_PK
REF_COL_OPERATORS_PK
REF_COL_OPE_OPERATOR_ID_IDX
REF_FIELD75_PK
REF_INVEST_STATUS_PK
REF_ISO_CODE_LABEL_UK
REF_ISO_CODE_PK
REF_ISO_CODE_UK
REF_OPERATORS_PK
REF_QUERY_STATUS_PK
REPORT_BUSINESS_UNIT_ID_IDX
REPORT_TEMPLATE_FILE_ID_IDX
REPORT_TEMPLATE_ID_IDX
REP_JOB_UNIT_FMF_UNIT_ID_IDX
REP_JOB_UNIT_JOB_ID_IDX
REP_TEMP_ACT_TEMP_FILE_ID_IDX
REP_TEMP_BU_IDX
REP_TEMP_FILE_TEMPLATE_ID_IDX
SCREENING_REQUEST_BU_ID_IDX
SCREENING_REQUEST_UNIT_ID_IDX
SCREENING_REQUEST_USER_ID_IDX
SCRN_REQ_APPCODE_ID_IDX
SRCHCDS_RCRDK
SRCHTTRBTS_RCRDK
STATUS_NORMALIZATION_PK
STEP_EXEC_CTX_PK
STEP_EXEC_PK
STRIPPING_CONTEXT_BU_ID_IDX
STRIPPING_CONTEXT_CHK_ID_IDX
STRIPPING_CONTEXT_RULE_ID_IDX
STRIPPING_CONTEXT_SYS_ID_IDX
STRIPPING_EVENT_CONTEXT_ID_IDX
S_RECORDS_PK
UN_BIC_CODE_PATCH_RECORD_ID
UN_COUNTRY_INIT_LABEL
UN_KEYWORD_SOURCE_ID
UN_KEYWORD_TYPE_LABEL
UN_NATIONALITY_INIT_LABEL
UN_OCCUPATION_INIT_LABEL
UN_RULE_PATCH_COLUMN
UN_RULE_PATCH_NAME
VIEWS_OWNER_GROUP_ID_IDX
VIEWS_OWNER_ID_IDX