FUM.SYS_C007105
FUM.FUM_LOG_LINKTO_RECORDKEY_IC
FUM.FUM_LOG_UPDATEDATE_000IS
FUM.SYS_C007120
FUM.SYS_C007125
FUM.SYS_C007133
FUM.SYS_C007137
FUM.SYS_C007142
FUM.SYS_C007143
FUM.SYS_C007146
FUM.SYS_C007149
FUM.FUM_PLATFORM_SAM_PK
FUM.FUM_PLATFORM_SAM_UN
FUM.FUM_RIGHTS_SAM_PK
FUM.FUM_RIGHTS_SAM_UN
FUM.FUM_RIGHT_USER_SAM_PK
FUM.FUM_USER_ID_IX
FUM.FUM_RIGHTS_SAM_ID_IX
FUM.FUM_PLATFORM_SAM_ID_IX
FMM.ENUM_STATUS_NORMALIZATION_PK
FMM.ENUM_STATUS_NORMALIZATION_UK
FMM.ENUM_PATCH_STATUS_PK
FMM.ENUM_PATCH_STATUS_UK
FMM.STATUS_NORMALIZATION_PK
FMM.FMM_ALT_ADDR_ID_PK
FMM.CONSTR_INITIAL_ADDRESS_KEY
FMM.FMM_BIC_CODE_PK
FMM.FMMBICCODEKEY
FMM.PK_FMM_BIC_CODE_PATCH
FMM.UN_BIC_CODE_PATCH_RECORD_ID
FMM.FMMBICPATCHORIID
FMM.PK_FMM_BIC_CODE_PATCH_HIT
FMM.FMM_BIC_CODE_PAT_HIT_PAT_ID_IX
FMM.FMM_BI_CO_PA_SYN_NA_PA_ID_IX
FMM.PK_CATEGORY
FMM.PK_COUNTRY
FMM.UN_COUNTRY_INIT_LABEL
FMM.PK_DISABLED_DATE
FMM.FMM_DOD_ID_IDX
FMM.FMM_ITEM_LOCK_PK
FMM.PK_KEYWORDS
FMM.UN_KEYWORD_SOURCE_ID
FMM.FMM_KEYWORD_KEYWORD_TYPE_ID_IX
FMM.PK_KEYWORDS_TYPE
FMM.UN_KEYWORD_TYPE_LABEL
FMM.PK_FMM_LINK_HIT_BIC_CODE
FMM.FMM_LI_HIT_BIC_CO_BIC_CO_ID_IX
FMM.PK_NATIONALITY
FMM.UN_NATIONALITY_INIT_LABEL
FMM.PK_OCCUPATION
FMM.UN_OCCUPATION_INIT_LABEL
FMM.FMM_ORIGIN_LOCK_PK
FMM.FMM_PATCH_LIST_ID_IX
FMM.PK_RECORD_CATEGORIES
FMM.FMM_RECORD_CAT_CATID_IDX
FMM.FMM_RECORD_CAT_ID_IDX
FMM.FMM_RECORD_CHECKSUM_ALT_ID
FMM.FMM_RECORD_CHECKSUM_ID
FMM.FMM_REC_CKSUM_ID_ALT_ID
FMM.PK_RECORD_COUNTRY
FMM.FMM_COUNTRY_RESI_ID_IDX
FMM.FMM_RECORD_COU_COUNTRY_ID_IX
FMM.FMM_RECORD_KEY_PK
FMM.FMM_RECORD_KEY_INFO_ADD_ID_IC
FMM.PK_RECORD_KEYWORDS
FMM.FMM_RECORD_KW_ID_IDX
FMM.FMM_RECORD_KW_KWID_IDX
FMM.PK_RECORD_NATIONALITIES
FMM.FMM_RECORD_NATIO_ID_IDX
FMM.FMM_RECORD_NATIO_NATID_IDX
FMM.PK_RECORD_OCCUPATIONS
FMM.FMM_RECORD_OCCU_ID_IDX
FMM.FMM_RECORD_OCCU_OCCUID_IDX
FMM.FMM_RELATED_IDS_ID_IDX
FMM.FMM_RELATED_IDS_ID_RELID_IDX
FMM.PK_RULE_PATCH
FMM.UN_RULE_PATCH_COLUMN
FMM.UN_RULE_PATCH_NAME
FMM.FMM_SYSTEM_DATA_PK
FMM.FMM_SYSTEM_DATA_TYPE_PK
FMM.FOFUTI_DESIGNATION_PK
FMM.FOFUTI_EXP_PK
FMM.FOFUTI_MAIN_PK
FMM.FOFUTI_MAIN_LOAD_VIEW_IC
FMM.FOFUTI_MAIN_USER2_ID_IC
FMM.FOFUTI_MAIN_CITY
FMM.FOFUTI_MAIN_CITYID
FMM.FOFUTI_MAIN_COUNTRY
FMM.FOFUTI_MAIN_CTRID
FMM.FOFUTI_MAIN_NAMESYNID
FMM.FOFUTI_MAIN_ORI_DES_IC
FMM.FOFUTI_MAIN_STATE
FMM.FOFUTI_MAIN_STATEID
FMM.FOFUTI_OFFICIALREF_PK
FMM.FOFUTI_PATCH_MAINREC_PK
FMM.PATCH_STATUS_ID_IX
FMM.FOFUTI_PATCH_NAMESYN_PK
FMM.FOFUTI_SCIT_CITY
FMM.FOFUTI_SCIT_CITY_SYN
FMM.FOFUTI_SCIT_CTRY_SYN
FMM.FOFUTI_SCTR_COUNTRY
FMM.FOFUTI_SNAM_NAME_SYN
FMM.FOFUTI_SNAM_NAMESYNID_COUNT_IC
FMM.FOFUTI_SCIT_STATE_SYN
FMM.FOFUTI_SSTATE_STATE
FMM.FOFUTI_UPDH_PK
FMM.FOFUTI_USERDEFINED_PK
FMM.POB_MAIN_ISO_PK
FMM.NTL_MAIN_ISO_PK
FMM.REF_ISO_CODE_PK
FMM.REF_ISO_CODE_UK
FMM.REF_ISO_CODE_LABEL_UK
FMM.S_RECORDS_PK
FMM.JOB_INST_PK
FMM.JOB_INST_UN
FMM.JOB_EXEC_PK
FMM.STEP_EXEC_PK
FMM.STEP_EXEC_CTX_PK
FMM.JOB_EXEC_CTX_PK
FML.FML_ITEMS_ACTION_ID
FML.FML_ITEMS_HOOK_ID
FML.FML_ITEMS_TYPE_ID
FML.SYS_C007364
FML.FML_GRAPH_ITEM_ID
FML.SYS_C007365
FML.SYS_C007366
FML.FML_CONDITIONS_INDEX_IX
FML.FML_CONDITIONS_ITEM_ID
FML.FML_CONDITIONS_OPERATOR_ID
FML.FML_CONDITIONS_OPERAND_ID
FML.FML_CONDITIONS_ITEM_INDEX_UK
FML.SYS_C007368
FML.FML_OPERANDS_PARAM_GRPID
FML.FML_OPERANDS_GROUP_ID
FML.SYS_C007370
FML.FML_PARAMETER_ID
FML.FML_PARAMETER_GROUP_ID
FML.SYS_C007371
FML.SYS_C007372
FML.SYS_C007373
FML.SYS_C007374
FML.SYS_C007378
FML.SYS_C007381
OFAC.FKPK_GTW_ACTION
OFAC.FIN_MESSAGE_CAT_SET_IDX
OFAC.FIRCO_FIN_MESSAGE_CAT_SET_PK
OFAC.FIRCO_WKF_TYPES_PK
OFAC.FIRCO_WKF_SQL_MAPS_PK
OFAC.IDXCOL_1
OFAC.IDXCOL_3
OFAC.IDXCOL_2
OFAC.PKCOL_ID
OFAC.REAPP_OLD_TMP_CHK_TMP_CHK_IX
OFAC.REAPP_TEMPL_TEMP_CHK_PK
OFAC.REAPP_TEMPL_TEMP_CHK_UN
OFAC.REAPP_CLONE_TEMPLATE_IDX
OFAC.REAPP_CLONE_RULE_IDX
OFAC.REAPPCLONESYSID_UN
OFAC.FIRCO_CTY_REAPP_CLONE_PK
OFAC.REF_QUERY_STATUS_PK
OFAC.FPRFDEC_PRF
OFAC.FKPK_FMFPROFDEC
OFAC.REAPP_TEMPL_MIG_STATUS_IDX
OFAC.FIRCO_CTY_REAPP_TEMPL_BU_IDX
OFAC.REAPP_TEMPL_RULE_IDX
OFAC.FIRCO_CTY_REAPP_TEMPL_PK
OFAC.REAPP_TEMPL_CHECKSUM_BU_UN
OFAC.REF_FIELD75_PK
OFAC.FIRCO_CTY_REPORT_UNIT_PK
OFAC.FIRCO_CTY_REPORT_UNIT_IDX
OFAC.FKPK_CODTYP
OFAC.FBU_BATCH_UNIT
OFAC.STRIPPING_CONTEXT_BU_ID_IDX
OFAC.STRIPPING_CONTEXT_CHK_ID_IDX
OFAC.STRIPPING_CONTEXT_RULE_ID_IDX
OFAC.STRIPPING_CONTEXT_SYS_ID_IDX
OFAC.FIRCO_CTY_STRIPPING_CONTEXT_PK
OFAC.IDXVLINK_VCHLD
OFAC.FIRCO_CTY_SANCTION_LISTS_PK
OFAC.FIN_STATUS_MESSAGE_IDX
OFAC.FIRCO_WKF_DB_VERSIONS_PK
OFAC.FKPK_FMFSYSTEM
OFAC.FKPK_SRCHNMS
OFAC.FIRCO_WKF_APPLICATION_MENUS_PK
OFAC.FUSRU_USR
OFAC.FKPK_FMFUSERUNIT
OFAC.FLOGF_USR
OFAC.IDXVFIL_VIEWID
OFAC.SRCHCDS_RCRDK
OFAC.IX_SEARCH_CODE
OFAC.IDXCOLOP_COLID
OFAC.REF_COL_OPE_OPERATOR_ID_IDX
OFAC.REF_COL_OPERATORS_PK
OFAC.FMF_UNITS_BU_IDX
OFAC.FUNT_UNTN
OFAC.FKPK_FMFUNITS
OFAC.FPRFSTAT_PRF
OFAC.FKPK_FMFPROFSTATE
OFAC.CTY_PAI_MES_PAIR_ID_IDX
OFAC.FIRCO_CTY_PAIRING_MESSAGE_PK
OFAC.FACT_DEC
OFAC.FACT_OPER
OFAC.APP_VIEW_ELEMENTS_VIEW_ID_IDX
OFAC.FIRCO_APP_VIEW_ELEMENTS_PK
OFAC.FIRCO_CTY_LIST_BU_IDX
OFAC.FIRCO_CTY_LIST_PK
OFAC.FUSRSES_USRLK
OFAC.FUSRSES_USRSES
OFAC.FUSRSES_LKMOD
OFAC.FUSRSES_USRID
OFAC.FKPK_FMFUSERSESS
OFAC.FOF_PARAMETERS_T_IS_UNICODE_UN
OFAC.FIRCO_CTY_BU_UN_NAME_UN
OFAC.FIRCO_CTY_BUSINESS_UNITS_PK
OFAC.FPRFR_PRF
OFAC.FKPK_FMFPROFRIGHT
OFAC.Q_DESCRIPTOR_PK
OFAC.REAPPLY_CTX_IND
OFAC.REAPPLY_CTX_PK
OFAC.FMFINV_STARTD
OFAC.FMFINV_STATUSID
OFAC.FMFINV_STOPD
OFAC.FMF_INVEST_PK
OFAC.FMF_INVEST_T_SYSTEM_ID_UN
OFAC.FIRCO_WKF_APPLICATIONS_PK
OFAC.FIRCO_WKF_DATA_NODES_PK
OFAC.APP_VIEW_ATTRIBUTES_ELE_ID_IDX
OFAC.FIRCO_APP_VIEW_ATTRIBUTES_PK
OFAC.STRIPPING_EVENT_CONTEXT_ID_IDX
OFAC.FIRCO_CTY_STRIPPING_EVENT_PK
OFAC.SRCHTTRBTS_RCRDK
OFAC.FIRCO_FIN_MESSAGE_BUSINESS_IDX
OFAC.FIN_MESSAGE_STA_EXP_IDX
OFAC.FIRCO_FIN_MESSAGE_PK
OFAC.FIRCO_FIN_MESSAGE_SRV_MIR_UN
OFAC.FMF_USERS_BU_IDX
OFAC.FUSR_LOGIN
OFAC.PKUSER_ID
OFAC.FIRCO_CTY_SCHEDULED_EXEC_PK
OFAC.FIRCO_CTY_SCHED_EXEC_BUS_IDX
OFAC.FIRCO_CTY_SCHED_EXEC_JOB_IDX
OFAC.REP_TEMP_ACT_TEMP_FILE_ID_IDX
OFAC.REP_TEMP_BU_IDX
OFAC.FIRCO_CTY_REPORT_TEMPLATE_PK
OFAC.FIRCO_CTY_REPORT_JOB_PK
OFAC.FIRCO_FIN_MESSAGE_CATEGORY_PK
OFAC.IDXUVIEW_USERID
OFAC.IDXUVIEW_PROFILEID
OFAC.REF_ANSWER_STATUS_PK
OFAC.REAPP_EVENT_CLONE_IDX
OFAC.REAPP_EVENT_TEMPLATE_IDX
OFAC.FIRCO_CTY_REAPP_EVENT_PK
OFAC.FIRCO_WKF_GROUPS_PK
OFAC.FPWDH_USR
OFAC.FPRF_PRF
OFAC.FMF_PROFILES_BU_IDX
OFAC.PKPROF_ID
OFAC.FOF_HIT_COL_TYPE_ORIG_UN
OFAC.FOF_HIT_COLOR_PK
OFAC.FIRCO_CTY_REPORT_JOB_UNIT_PK
OFAC.REP_JOB_UNIT_JOB_ID_IDX
OFAC.REP_JOB_UNIT_FMF_UNIT_ID_IDX
OFAC.PKVIEW_ID
OFAC.FKPK_DECSIG
OFAC.REF_APP_CODE_BU_ID_IDX
OFAC.REF_APP_CODE_PK
OFAC.REF_APP_CODE_NAME_UN
OFAC.FIRCO_CTY_LIST_REC_LIST_IDX
OFAC.FIRCO_CTY_LIST_RECORD_PK
OFAC.FIRCO_CTY_LIST_RECORD_UN
OFAC.FMF_LICENSE_T_PROJECT_CODE_UN
OFAC.REF_INVEST_STATUS_PK
OFAC.FIRCO_CTY_PAIRING_PK
OFAC.FKPK_FMFUSERPREF
OFAC.MESSAGE_TYPE_CAT_IDX
OFAC.FIRCO_FIN_MESSAGE_TYPE_PK
OFAC.CTY_REAPP_TMP_CHK_STATUS_IX
OFAC.FIRCO_CTY_REAPP_CHK_STATUS_PK
OFAC.FOF_TRANSITIONS_BU_IDX
OFAC.FOF_TRANSITIONS_PK
OFAC.VIEWS_OWNER_ID_IDX
OFAC.VIEWS_OWNER_GROUP_ID_IDX
OFAC.FIRCO_APP_VIEWS_PK
OFAC.BU_SANC_CONF_BUSINESS_IDX
OFAC.BU_SANC_CONF_SANCTION_IDX
OFAC.FUSRPRF_USR
OFAC.FKPK_FMFUSERPROF
OFAC.FIRCO_WKF_SCRIPT_TYPES_PK
OFAC.CTY_STRIPPING_CHECKSUM_UN
OFAC.FIRCO_CTY_STRIPPING_CHECK_PK
OFAC.FKPK_GATEWAYS
OFAC.FIRCO_CTY_REAPP_TMP_CHK_PK
OFAC.FIRCO_CTY_REAPP_TMP_CHK_UN
OFAC.IDXVCOL_SORDER
OFAC.IDXVCOL_CORDER
OFAC.MESSAGE_TYPE_BU_BU_IDX
OFAC.MESSAGE_TYPE_BU_ID_IDX
OFAC.FIRCO_FIN_MESSAGE_TYPE_BU_PK
OFAC.FOF_BCKACT_SYSID
OFAC.FOF_BACK_ACTION_PK
OFAC.FHACT_DECTY
OFAC.FHACT_OPER
OFAC.FHACT_SYSID
OFAC.FIN_DAILY_RECONCILIATION_IDX
OFAC.FIN_DAILY_RECONCILIATION_PK
OFAC.REF_OPERATORS_PK
OFAC.PKRIGH_ID
OFAC.FIRCO_CTY_UNI_VIEWS_VIEW_IDX
OFAC.FIRCO_CTY_UNI_VIEWS_UNI_IDX
OFAC.FIRCO_CTY_UNIT_VIEWS_PK
OFAC.FOF_STATES_BU_IDX
OFAC.FOF_STATES_PK
OFAC.PK_PROTR
OFAC.PKMOD_ID
OFAC.CTY_PAIR_HIST_MES_PAIR_ID_IDX
OFAC.FIRCO_CTY_PAIR_HIST_MES_PK
OFAC.FCOCL_UNT
OFAC.FKPK_FMFCOMMCLASS
OFAC.FIRCO_CTY_PRF_VIEWS_PRF_IDX
OFAC.FIRCO_CTY_PRF_VIEWS_VIEW_IDX
OFAC.FIRCO_CTY_PROFILE_VIEWS_PK
OFAC.OBSOLETE_SESSIONS_PK
OFAC.FMSG_STAT
OFAC.FOFA_MESSAGE_BU_IDX
OFAC.FOFA_MESSAGE_HOLDER_GATE_IDX
OFAC.FOFA_MESSAGE_STATE_DATE_IDX
OFAC.MESSAGE_T_MESSAGE_ID_IDX
OFAC.IX_LAST_DEC_OPERATOR
OFAC.FMSG_ENT_STAT
OFAC.PKFMESS_ID
OFAC.APP_LOG_ACTOR_GROUP_ID_IDX
OFAC.FIRCO_APP_LOG_PK
OFAC.FMFQUY_REFERENCE
OFAC.FMFQUY_STATUSID
OFAC.FMF_QUERY_PK
OFAC.FKPK_FOFREPORTS
OFAC.FIRCO_CTY_TEMP_FILE_PK
OFAC.FMFANS_RELREF
OFAC.FMFANS_STATUSID
OFAC.FMF_ANS_T_QUERY_ID_UN
OFAC.FMF_ANSWER_PK
OFAC.PK_FIRCO_WKF_EVENTS
OFAC.FHFILES_NAME
OFAC.FHFILES_ID
OFAC.FOF_HIST_FILES_PK
OFAC.EXCEPTION_LIST_BU_ID_IDX
OFAC.FIRCO_FIN_EXCEPTION_LIST_PK
OFAC.REP_TEMP_FILE_TEMPLATE_ID_IDX
OFAC.FIRCO_CTY_REPFILE_TEMPL_VER_UN
OFAC.FIRCO_CTY_REP_TEMPLATE_FILE_PK
OFAC.FHINT_SYSID_PK
OFAC.FHMSG_CRDAT
OFAC.HIST_MESSAGE_T_TRANSACTION_IDX
OFAC.FHMSG_UNIT
OFAC.FHMSG_DECTY
OFAC.HIST_MESSAGE_T_MESSAGE_ID_IDX
OFAC.FHMSG_CODAT
OFAC.FOFA_HIST_MESSAGE_BU_IDX
OFAC.FHMSG_ENT_DECTY
OFAC.FHMSG_RECEIVER
OFAC.FHMSG_SENDER
OFAC.FHMSG_LAST_OPE
OFAC.FHMSG_FIDAT
OFAC.FHMSG_CURR
OFAC.FHMSG_TYPE
OFAC.HIST_MESSAGE_T_AMOUNT_IDX
OFAC.FHMSG_SYSID_PK
OFAC.SCRN_REQ_APPCODE_ID_IDX
OFAC.SCREENING_REQUEST_USER_ID_IDX
OFAC.SCREENING_REQUEST_BU_ID_IDX
OFAC.SCREENING_REQUEST_UNIT_ID_IDX
OFAC.FIRCO_CTY_SCREENING_REQUEST_PK
OFAC.FIRCO_WKF_WEB_RESOURCES_PK
OFAC.FIRCO_CTY_REAPP_RULE_BU_IDX
OFAC.FIRCO_CTY_REAPP_RULE_PK
OFAC.FIRCO_WKF_SCRIPTS_PK
OFAC.FIRCO_WKF_PROCESS_GRAPHS_PK
OFAC.FKPK_FMFMAILTEMPL
OFAC.FFILES_ID
OFAC.FFILES_NAME
OFAC.FOF_FILES_PK
OFAC.FIRCO_CTY_STRIP_RULE_BU_IDX
OFAC.FIRCO_CTY_STRIPPING_RULE_PK
OFAC.FKPK_FFINTERVENTION
OFAC.FIRCO_WKF_PAGE_NODES_PK
OFAC.FIRCO_WKF_RESOURCES_PK
OFAC.FIRCO_CTY_REPORT_PK
OFAC.REPORT_TEMPLATE_ID_IDX
OFAC.REPORT_TEMPLATE_FILE_ID_IDX
OFAC.REPORT_BUSINESS_UNIT_ID_IDX
OFAC.ORIGINAL_MESSAG_PK
OFAC.FHIT_ORIGIN
OFAC.FHIT_DESIGN
OFAC.FHIT_SYSID
OFAC.FIRCO_CTY_PAIRING_RULE_PK
OFAC.FHHIT_SYSID
OFAC.FHHIT_ORIGIN
OFAC.FOF_HIST_HIT_LIST_ID_IDX
OFAC.FHHIT_DESIGN
OFAC.FBAT_USR
OFAC.FKPK_FOFABATCH