ENUM_STATUS_NORMALIZATION_PK
ENUM_STATUS_NORMALIZATION_UK
ENUM_PATCH_STATUS_PK
ENUM_PATCH_STATUS_UK
STATUS_NORMALIZATION_PK
FMM_ALT_ADDR_ID_PK
CONSTR_INITIAL_ADDRESS_KEY
FMM_BIC_CODE_PK
FMMBICCODEKEY
PK_FMM_BIC_CODE_PATCH
UN_BIC_CODE_PATCH_RECORD_ID
FMMBICPATCHORIID
PK_FMM_BIC_CODE_PATCH_HIT
FMM_BIC_CODE_PAT_HIT_PAT_ID_IX
FMM_BI_CO_PA_SYN_NA_PA_ID_IX
PK_CATEGORY
PK_COUNTRY
UN_COUNTRY_INIT_LABEL
PK_DISABLED_DATE
FMM_DOD_ID_IDX
FMM_ITEM_LOCK_PK
PK_KEYWORDS
UN_KEYWORD_SOURCE_ID
FMM_KEYWORD_KEYWORD_TYPE_ID_IX
PK_KEYWORDS_TYPE
UN_KEYWORD_TYPE_LABEL
PK_FMM_LINK_HIT_BIC_CODE
FMM_LI_HIT_BIC_CO_BIC_CO_ID_IX
PK_NATIONALITY
UN_NATIONALITY_INIT_LABEL
PK_OCCUPATION
UN_OCCUPATION_INIT_LABEL
FMM_ORIGIN_LOCK_PK
FMM_PATCH_LIST_ID_IX
PK_RECORD_CATEGORIES
FMM_RECORD_CAT_CATID_IDX
FMM_RECORD_CAT_ID_IDX
FMM_RECORD_CHECKSUM_ALT_ID
FMM_RECORD_CHECKSUM_ID
FMM_REC_CKSUM_ID_ALT_ID
PK_RECORD_COUNTRY
FMM_COUNTRY_RESI_ID_IDX
FMM_RECORD_COU_COUNTRY_ID_IX
FMM_RECORD_KEY_PK
FMM_RECORD_KEY_INFO_ADD_ID_IC
PK_RECORD_KEYWORDS
FMM_RECORD_KW_ID_IDX
FMM_RECORD_KW_KWID_IDX
PK_RECORD_NATIONALITIES
FMM_RECORD_NATIO_ID_IDX
FMM_RECORD_NATIO_NATID_IDX
PK_RECORD_OCCUPATIONS
FMM_RECORD_OCCU_ID_IDX
FMM_RECORD_OCCU_OCCUID_IDX
FMM_RELATED_IDS_ID_IDX
FMM_RELATED_IDS_ID_RELID_IDX
PK_RULE_PATCH
UN_RULE_PATCH_COLUMN
UN_RULE_PATCH_NAME
FMM_SYSTEM_DATA_PK
FMM_SYSTEM_DATA_TYPE_PK
FOFUTI_DESIGNATION_PK
FOFUTI_EXP_PK
FOFUTI_MAIN_PK
FOFUTI_MAIN_LOAD_VIEW_IC
FOFUTI_MAIN_USER2_ID_IC
FOFUTI_MAIN_CITY
FOFUTI_MAIN_CITYID
FOFUTI_MAIN_COUNTRY
FOFUTI_MAIN_CTRID
FOFUTI_MAIN_NAMESYNID
FOFUTI_MAIN_ORI_DES_IC
FOFUTI_MAIN_STATE
FOFUTI_MAIN_STATEID
FOFUTI_OFFICIALREF_PK
FOFUTI_PATCH_MAINREC_PK
PATCH_STATUS_ID_IX
FOFUTI_PATCH_NAMESYN_PK
FOFUTI_SCIT_CITY
FOFUTI_SCIT_CITY_SYN
FOFUTI_SCIT_CTRY_SYN
FOFUTI_SCTR_COUNTRY
FOFUTI_SNAM_NAME_SYN
FOFUTI_SNAM_NAMESYNID_COUNT_IC
FOFUTI_SCIT_STATE_SYN
FOFUTI_SSTATE_STATE
FOFUTI_UPDH_PK
FOFUTI_USERDEFINED_PK
POB_MAIN_ISO_PK
NTL_MAIN_ISO_PK
REF_ISO_CODE_PK
REF_ISO_CODE_UK
REF_ISO_CODE_LABEL_UK
S_RECORDS_PK
JOB_INST_PK
JOB_INST_UN
JOB_EXEC_PK
STEP_EXEC_PK
STEP_EXEC_CTX_PK
JOB_EXEC_CTX_PK